\BOOKMARK [1][]{section.1}{\376\377\116\000\060\001\000\040\225\356\230\230\221\315\217\360}{}% 1
\BOOKMARK [2][]{subsection.1.1}{\376\377\0001\000.\0001\000\040\225\356\230\230\200\314\146\157}{section.1}% 2
\BOOKMARK [2][]{subsection.1.2}{\376\377\0001\000.\0002\000\040\225\356\230\230\116\000\377\032\123\360\230\316\162\171\137\201\123\302\145\160\166\204\145\160\133\146\143\317\217\360\116\016\122\006\174\173\152\041\127\213\166\204\147\204\136\372}{section.1}% 3
\BOOKMARK [2][]{subsection.1.3}{\376\377\0001\000.\0003\000\040\225\356\230\230\116\214\377\032\131\032\126\340\175\040\123\360\230\316\215\357\137\204\230\204\155\113\152\041\127\213\166\204\147\204\136\372}{section.1}% 4
\BOOKMARK [2][]{subsection.1.4}{\376\377\0001\000.\0004\000\040\225\356\230\230\116\011\377\032\123\360\230\316\166\173\226\106\124\016\230\316\220\037\116\016\226\115\154\064\221\317\210\160\121\317\152\041\127\213\166\204\147\204\136\372}{section.1}% 5
\BOOKMARK [1][]{section.2}{\376\377\116\214\060\001\000\040\225\356\230\230\122\006\147\220}{}% 6
\BOOKMARK [2][]{subsection.2.1}{\376\377\0002\000.\0001\000\040\225\356\230\230\116\000}{section.2}% 7
\BOOKMARK [2][]{subsection.2.2}{\376\377\0002\000.\0002\000\040\225\356\230\230\116\214}{section.2}% 8
\BOOKMARK [2][]{subsection.2.3}{\376\377\0002\000.\0003\000\040\225\356\230\230\116\011}{section.2}% 9
\BOOKMARK [1][]{section.3}{\376\377\116\011\060\001\000\040\152\041\127\213\120\107\213\276}{}% 10
\BOOKMARK [1][]{section.4}{\376\377\126\333\060\001\000\040\173\046\123\367\213\364\146\016}{}% 11
\BOOKMARK [1][]{section.5}{\376\377\116\224\060\001\000\040\152\041\127\213\166\204\136\372\172\313\116\016\154\102\211\343}{}% 12
\BOOKMARK [2][]{subsection.5.1}{\376\377\0005\000.\0001\000\040\225\356\230\230\116\000\377\032\123\360\230\316\162\171\137\201\123\302\145\160\166\204\145\160\133\146\143\317\217\360\116\016\122\006\174\173\152\041\127\213\166\204\147\204\136\372\116\016\154\102\211\343}{section.5}% 13
\BOOKMARK [3][]{subsubsection.5.1.1}{\376\377\0005\000.\0001\000.\0001\000\040\145\160\143\156\230\204\131\004\164\006}{subsection.5.1}% 14
\BOOKMARK [3][]{subsubsection.5.1.2}{\376\377\0005\000.\0001\000.\0002\000\040\176\337\213\241\143\317\217\360}{subsection.5.1}% 15
\BOOKMARK [3][]{subsubsection.5.1.3}{\376\377\0005\000.\0001\000.\0003\000\040\153\143\140\001\140\047\150\300\232\214\377\010\000K\000-\000S\000\040\150\300\232\214\377\011}{subsection.5.1}% 16
\BOOKMARK [3][]{subsubsection.5.1.4}{\376\377\0005\000.\0001\000.\0004\000\040\166\370\121\163\140\047\122\006\147\220\377\010\145\257\166\256\134\024\146\374\166\370\121\163\174\373\145\160\377\011}{subsection.5.1}% 17
\BOOKMARK [3][]{subsubsection.5.1.5}{\376\377\0005\000.\0001\000.\0005\000\040\166\370\121\163\140\047\122\006\147\220}{subsection.5.1}% 18
\BOOKMARK [3][]{subsubsection.5.1.6}{\376\377\0005\000.\0001\000.\0006\000\040\116\073\142\020\122\006\226\115\176\364}{subsection.5.1}% 19
\BOOKMARK [3][]{subsubsection.5.1.7}{\376\377\0005\000.\0001\000.\0007\000\040\123\360\230\316\122\006\174\173\213\304\116\367\152\041\127\213\166\204\136\372\172\313}{subsection.5.1}% 20
\BOOKMARK [3][]{subsubsection.5.1.8}{\376\377\0005\000.\0001\000.\0008\000\040\152\041\127\213\136\224\165\050\116\016\122\006\147\220}{subsection.5.1}% 21
\BOOKMARK [2][]{subsection.5.2}{\376\377\0005\000.\0002\000\040\225\356\230\230\116\214\377\032\131\032\126\340\175\040\123\360\230\316\215\357\137\204\230\204\155\113\152\041\127\213\166\204\147\204\136\372\116\016\154\102\211\343}{section.5}% 22
\BOOKMARK [3][]{subsubsection.5.2.1}{\376\377\0005\000.\0002\000.\0001\000\040\145\160\143\156\230\204\131\004\164\006}{subsection.5.2}% 23
\BOOKMARK [3][]{subsubsection.5.2.2}{\376\377\0005\000.\0002\000.\0002\000\040\152\041\127\213\220\011\142\351}{subsection.5.2}% 24
\BOOKMARK [3][]{subsubsection.5.2.3}{\376\377\0005\000.\0002\000.\0003\000\040\152\041\127\213\213\255\176\303}{subsection.5.2}% 25
\BOOKMARK [3][]{subsubsection.5.2.4}{\376\377\0005\000.\0002\000.\0004\000\040\230\204\155\113\116\016\213\304\117\060}{subsection.5.2}% 26
\BOOKMARK [3][]{subsubsection.5.2.5}{\376\377\0005\000.\0002\000.\0005\000\040\000D\000W\000T\173\227\154\325\166\204\136\224\165\050}{subsection.5.2}% 27
\BOOKMARK [3][]{subsubsection.5.2.6}{\376\377\0005\000.\0002\000.\0006\000\040\123\360\230\316\165\037\124\175\124\150\147\037\123\312\145\366\136\217\162\171\137\201}{subsection.5.2}% 28
\BOOKMARK [3][]{subsubsection.5.2.7}{\376\377\0005\000.\0002\000.\0007\000\040\152\041\127\213\176\323\147\204\124\214\131\032\162\171\137\201\207\215\124\010\145\271\154\325}{subsection.5.2}% 29
\BOOKMARK [3][]{subsubsection.5.2.8}{\376\377\0005\000.\0002\000.\0008\000\040\133\236\232\214\176\323\147\234\122\006\147\220}{subsection.5.2}% 30
\BOOKMARK [2][]{subsection.5.3}{\376\377\0005\000.\0003\000\040\225\356\230\230\116\011\377\032\123\360\230\316\166\173\226\106\124\016\230\316\220\037\116\016\226\115\154\064\221\317\123\330\123\026\166\204\152\041\127\213\147\204\136\372\116\016\154\102\211\343}{section.5}% 31
\BOOKMARK [3][]{subsubsection.5.3.1}{\376\377\0005\000.\0003\000.\0001\000\040\230\316\220\037\116\016\226\115\154\064\221\317\166\204\162\151\164\006\147\072\122\066}{subsection.5.3}% 32
\BOOKMARK [3][]{subsubsection.5.3.2}{\376\377\0005\000.\0003\000.\0002\000\040\136\372\172\313\230\316\220\037\116\016\226\115\154\064\221\317\166\204\145\160\133\146\152\041\127\213}{subsection.5.3}% 33
\BOOKMARK [3][]{subsubsection.5.3.3}{\376\377\0005\000.\0003\000.\0003\000\040\226\115\154\064\221\317\116\016\215\335\123\360\230\316\116\055\137\303\215\335\171\273\166\204\121\163\174\373}{subsection.5.3}% 34
\BOOKMARK [3][]{subsubsection.5.3.4}{\376\377\0005\000.\0003\000.\0004\000\040\137\161\124\315\123\360\230\316\230\316\220\037\124\214\226\115\154\064\221\317\166\204\121\166\116\326\126\340\175\040}{subsection.5.3}% 35
\BOOKMARK [3][]{subsubsection.5.3.5}{\376\377\0005\000.\0003\000.\0005\000\040\152\041\127\213\154\102\211\343\166\204\145\271\154\325}{subsection.5.3}% 36
\BOOKMARK [3][]{subsubsection.5.3.6}{\376\377\0005\000.\0003\000.\0006\000\040\152\041\127\213\213\304\117\060\116\016\220\011\142\351}{subsection.5.3}% 37
\BOOKMARK [3][]{subsubsection.5.3.7}{\376\377\0005\000.\0003\000.\0007\000\040\123\360\230\316\215\035\170\247\126\011\166\204\230\204\155\113\116\016\122\006\147\220}{subsection.5.3}% 38
\BOOKMARK [3][]{subsubsection.5.3.8}{\376\377\0005\000.\0003\000.\0008\000\040\152\041\127\213\213\255\176\303\116\016\123\302\145\160\117\060\213\241}{subsection.5.3}% 39
\BOOKMARK [3][]{subsubsection.5.3.9}{\376\377\0005\000.\0003\000.\0009\000\040\215\035\122\051\126\011\116\055\137\303\230\316\122\233\116\016\226\115\154\064\221\317\166\204\230\204\155\113}{subsection.5.3}% 40
\BOOKMARK [1][]{section.6}{\376\377\121\155\060\001\000\040\152\041\127\213\166\204\213\304\116\367\124\214\143\250\136\177}{}% 41
\BOOKMARK [2][]{subsection.6.1}{\376\377\0006\000.\0001\000\040\152\041\127\213\166\204\117\030\160\271}{section.6}% 42
\BOOKMARK [2][]{subsection.6.2}{\376\377\0006\000.\0002\000\040\152\041\127\213\166\204\177\072\160\271}{section.6}% 43
\BOOKMARK [2][]{subsection.6.3}{\376\377\0006\000.\0003\000\040\152\041\127\213\166\204\143\250\136\177}{section.6}% 44
\BOOKMARK [1][]{section*.24}{\376\377\123\302\200\003\145\207\163\056}{}% 45
