\BOOKMARK [1][]{section.1}{\376\377\116\000\060\001\000\040\137\025\212\000}{}% 1
\BOOKMARK [1][]{section.2}{\376\377\116\214\060\001\000\040\200\314\146\157\116\016\132\001\200\301\152\041\127\213}{}% 2
\BOOKMARK [2][]{subsection.2.1}{\376\377\0002\000.\0001\000\040\162\151\200\124\177\121\117\123\174\373\176\323\147\204\116\016\145\073\121\373\227\142}{section.2}% 3
\BOOKMARK [2][]{subsection.2.2}{\376\377\0002\000.\0002\000\040\147\054\145\207\213\250\213\272\203\003\126\364}{section.2}% 4
\BOOKMARK [2][]{subsection.2.3}{\376\377\0002\000.\0003\000\040\145\073\121\373\224\376\060\001\215\104\116\247\162\266\140\001\116\016\133\211\121\150\166\356\150\007}{section.2}% 5
\BOOKMARK [2][]{subsection.2.4}{\376\377\0002\000.\0004\000\040\145\160\143\156\116\016\150\007\173\176\166\204\123\357\117\341\140\047}{section.2}% 6
\BOOKMARK [1][]{section.3}{\376\377\116\011\060\001\000\040\000A\000I\000\040\215\113\200\375\162\151\200\124\177\121\133\211\121\150\166\204\122\006\174\173\150\106\147\266}{}% 7
\BOOKMARK [2][]{subsection.3.1}{\376\377\0003\000.\0001\000\040\152\041\127\213\127\050\133\211\121\150\225\355\163\257\116\055\166\204\122\006\134\102\211\322\202\162}{section.3}% 8
\BOOKMARK [2][]{subsection.3.2}{\376\377\0003\000.\0002\000\040\213\301\143\156\224\376\116\016\116\015\170\156\133\232\140\047\117\040\144\255}{section.3}% 9
\BOOKMARK [2][]{subsection.3.3}{\376\377\0003\000.\0003\000\040\131\047\152\041\127\213\201\352\216\253\166\204\145\260\130\236\145\073\121\373\227\142}{section.3}% 10
\BOOKMARK [1][]{section.4}{\376\377\126\333\060\001\000\040\116\343\210\150\140\047\170\024\172\166\176\374\217\360}{}% 11
\BOOKMARK [2][]{subsection.4.1}{\376\377\0004\000.\0001\000\040\126\372\116\366\116\016\123\117\213\256\157\017\155\036\143\026\143\230}{section.4}% 12
\BOOKMARK [2][]{subsection.4.2}{\376\377\0004\000.\0002\000\040\155\101\221\317\116\016\145\345\137\327\121\145\117\265\150\300\155\113}{section.4}% 13
\BOOKMARK [2][]{subsection.4.3}{\376\377\0004\000.\0003\000\040\000B\000o\000t\000-\000I\000o\000T\000\040\145\160\143\156\226\306\116\016\217\173\221\317\230\172\136\217\150\300\155\113}{section.4}% 14
\BOOKMARK [2][]{subsection.4.4}{\376\377\0004\000.\0004\000\040\213\276\131\007\213\306\122\053\116\016\132\001\200\301\140\305\142\245}{section.4}% 15
\BOOKMARK [2][]{subsection.4.5}{\376\377\0004\000.\0005\000\040\133\211\121\150\146\172\200\375\117\123\116\016\201\352\122\250\123\026\124\315\136\224}{section.4}% 16
\BOOKMARK [2][]{subsection.4.6}{\376\377\0004\000.\0006\000\040\134\017\176\323\377\032\163\260\147\011\135\345\117\134\166\204\121\161\140\047\225\356\230\230}{section.4}% 17
\BOOKMARK [1][]{section.5}{\376\377\116\224\060\001\000\040\133\236\232\214\213\304\117\060}{}% 18
\BOOKMARK [2][]{subsection.5.1}{\376\377\0005\000.\0001\000\040\145\160\143\156\226\306\116\016\133\236\232\214\213\276\177\156}{section.5}% 19
\BOOKMARK [2][]{subsection.5.2}{\376\377\0005\000.\0002\000\040\133\371\153\324\145\271\154\325}{section.5}% 20
\BOOKMARK [2][]{subsection.5.3}{\376\377\0005\000.\0003\000\040\176\323\147\234\116\016\122\006\147\220}{section.5}% 21
\BOOKMARK [2][]{subsection.5.4}{\376\377\0005\000.\0004\000\040\121\154\137\000\213\272\145\207\176\323\147\234\133\371\161\147}{section.5}% 22
\BOOKMARK [2][]{subsection.5.5}{\376\377\0005\000.\0005\000\040\000B\000o\000t\000-\000I\000o\000T\000\040\116\016\230\172\136\217\150\300\155\113\166\204\213\346\176\306\176\323\147\234}{section.5}% 23
\BOOKMARK [2][]{subsection.5.6}{\376\377\0005\000.\0006\000\040\215\350\213\272\145\207\176\323\147\234\166\204\176\337\116\000\211\343\221\312}{section.5}% 24
\BOOKMARK [1][]{section.6}{\376\377\121\155\060\001\000\040\176\374\124\010\213\250\213\272\116\016\135\345\172\013\136\372\213\256}{}% 25
\BOOKMARK [2][]{subsection.6.1}{\376\377\0006\000.\0001\000\040\116\316\171\273\176\277\143\007\150\007\122\060\176\277\116\012\147\015\122\241\173\111\176\247}{section.6}% 26
\BOOKMARK [2][]{subsection.6.2}{\376\377\0006\000.\0002\000\040\152\041\127\213\220\011\142\351\166\204\121\263\173\126\167\351\226\065}{section.6}% 27
\BOOKMARK [2][]{subsection.6.3}{\376\377\0006\000.\0003\000\040\131\202\117\125\142\212\131\047\152\041\127\213\176\263\121\145\123\357\232\214\213\301\225\355\163\257}{section.6}% 28
\BOOKMARK [2][]{subsection.6.4}{\376\377\0006\000.\0004\000\040\131\015\163\260\116\016\213\272\145\207\121\231\117\134\156\005\123\125}{section.6}% 29
\BOOKMARK [1][]{section.7}{\376\377\116\003\060\001\000\040\143\021\142\030\116\016\134\125\147\033}{}% 30
\BOOKMARK [1][]{section.8}{\376\377\121\153\060\001\000\040\176\323\213\272}{}% 31
\BOOKMARK [1][]{appendix.A}{\376\377\000A\000\040\131\015\163\260\133\236\232\214\213\260\137\125\152\041\147\177}{}% 32
\BOOKMARK [1][]{section*.11}{\376\377\123\302\200\003\145\207\163\056}{}% 33
